09-09-25 22:11:43 | [INFO] aiogram.dispatcher | Start polling
09-09-25 22:11:44 | [INFO] aiogram.dispatcher | Run polling for bot @ProteinHelpBot id=7610043618 - 'SystemHelp'
09-09-25 22:12:20 | [INFO] aiogram.event | Update id=311887071 is handled. Duration 0 ms by bot id=7610043618
09-09-25 22:12:26 | [INFO] aiogram.event | Update id=311887072 is handled. Duration 0 ms by bot id=7610043618
09-09-25 22:12:40 | [INFO] aiogram.event | Update id=311887073 is handled. Duration 0 ms by bot id=7610043618
09-09-25 22:16:16 | [INFO] aiogram.dispatcher | Polling stopped
09-09-25 22:16:16 | [ERROR] aiogram.dispatcher | Failed to fetch updates - TelegramNetworkError: HTTP Client says - ServerDisconnectedError: Server disconnected
09-09-25 22:16:16 | [WARNING] aiogram.dispatcher | Sleep for 1.000000 seconds and try again... (tryings = 0, bot id = 7610043618)
09-09-25 22:16:16 | [INFO] aiogram.dispatcher | Polling stopped for bot @ProteinHelpBot id=7610043618 - 'SystemHelp'
09-09-25 22:16:16 | [INFO] __main__ | Bot interrupted and stopped.
09-09-25 22:16:22 | [INFO] aiogram.dispatcher | Start polling
09-09-25 22:16:22 | [INFO] aiogram.dispatcher | Run polling for bot @ProteinHelpBot id=7610043618 - 'SystemHelp'
09-09-25 22:16:40 | [INFO] aiogram.event | Update id=311887074 is handled. Duration 1594 ms by bot id=7610043618
09-09-25 22:16:47 | [INFO] aiogram.event | Update id=311887075 is handled. Duration 250 ms by bot id=7610043618
09-09-25 22:16:50 | [INFO] aiogram.event | Update id=311887076 is handled. Duration 297 ms by bot id=7610043618
09-09-25 22:16:52 | [INFO] aiogram.event | Update id=311887077 is handled. Duration 500 ms by bot id=7610043618
09-09-25 22:16:58 | [INFO] aiogram.event | Update id=311887078 is not handled. Duration 15 ms by bot id=7610043618
09-09-25 22:16:58 | [ERROR] aiogram.event | Cause exception while process update id=311887078 by bot id=7610043618
ImportError: Missing optional dependency 'tabulate'.  Use pip or conda to install tabulate.
Traceback (most recent call last):
  File "C:\Users\kules\anaconda3\envs\TELEGRAM\Lib\site-packages\pandas\compat\_optional.py", line 135, in import_optional_dependency
    module = importlib.import_module(name)
             ^^^^^^^^^^^^^^^^^^^^^^^^^^^^^
  File "C:\Users\kules\anaconda3\envs\TELEGRAM\Lib\importlib\__init__.py", line 90, in import_module
    return _bootstrap._gcd_import(name[level:], package, level)
           ^^^^^^^^^^^^^^^^^^^^^^^^^^^^^^^^^^^^^^^^^^^^^^^^^^^^
  File "<frozen importlib._bootstrap>", line 1381, in _gcd_import
  File "<frozen importlib._bootstrap>", line 1354, in _find_and_load
  File "<frozen importlib._bootstrap>", line 1318, in _find_and_load_unlocked
ModuleNotFoundError: No module named 'tabulate'

During handling of the above exception, another exception occurred:

Traceback (most recent call last):
  File "C:\Users\kules\anaconda3\envs\TELEGRAM\Lib\site-packages\aiogram\dispatcher\dispatcher.py", line 309, in _process_update
    response = await self.feed_update(bot, update, **kwargs)
               ^^^^^^^^^^^^^^^^^^^^^^^^^^^^^^^^^^^^^^^^^^^^^
  File "C:\Users\kules\anaconda3\envs\TELEGRAM\Lib\site-packages\aiogram\dispatcher\dispatcher.py", line 158, in feed_update
    response = await self.update.wrap_outer_middleware(
               ^^^^^^^^^^^^^^^^^^^^^^^^^^^^^^^^^^^^^^^^
  File "C:\Users\kules\anaconda3\envs\TELEGRAM\Lib\site-packages\aiogram\dispatcher\middlewares\error.py", line 25, in __call__
    return await handler(event, data)
           ^^^^^^^^^^^^^^^^^^^^^^^^^^
  File "C:\Users\kules\anaconda3\envs\TELEGRAM\Lib\site-packages\aiogram\dispatcher\middlewares\user_context.py", line 56, in __call__
    return await handler(event, data)
           ^^^^^^^^^^^^^^^^^^^^^^^^^^
  File "C:\Users\kules\anaconda3\envs\TELEGRAM\Lib\site-packages\aiogram\fsm\middleware.py", line 42, in __call__
    return await handler(event, data)
           ^^^^^^^^^^^^^^^^^^^^^^^^^^
  File "C:\Users\kules\anaconda3\envs\TELEGRAM\Lib\site-packages\aiogram\dispatcher\event\telegram.py", line 121, in trigger
    return await wrapped_inner(event, kwargs)
           ^^^^^^^^^^^^^^^^^^^^^^^^^^^^^^^^^^
  File "C:\Users\kules\anaconda3\envs\TELEGRAM\Lib\site-packages\aiogram\dispatcher\event\handler.py", line 43, in call
    return await wrapped()
           ^^^^^^^^^^^^^^^
  File "C:\Users\kules\anaconda3\envs\TELEGRAM\Lib\site-packages\aiogram\dispatcher\dispatcher.py", line 276, in _listen_update
    return await self.propagate_event(update_type=update_type, event=event, **kwargs)
           ^^^^^^^^^^^^^^^^^^^^^^^^^^^^^^^^^^^^^^^^^^^^^^^^^^^^^^^^^^^^^^^^^^^^^^^^^^
  File "C:\Users\kules\anaconda3\envs\TELEGRAM\Lib\site-packages\aiogram\dispatcher\router.py", line 146, in propagate_event
    return await observer.wrap_outer_middleware(_wrapped, event=event, data=kwargs)
           ^^^^^^^^^^^^^^^^^^^^^^^^^^^^^^^^^^^^^^^^^^^^^^^^^^^^^^^^^^^^^^^^^^^^^^^^
  File "C:\Users\kules\anaconda3\envs\TELEGRAM\Lib\site-packages\aiogram\dispatcher\router.py", line 141, in _wrapped
    return await self._propagate_event(
           ^^^^^^^^^^^^^^^^^^^^^^^^^^^^
  File "C:\Users\kules\anaconda3\envs\TELEGRAM\Lib\site-packages\aiogram\dispatcher\router.py", line 174, in _propagate_event
    response = await router.propagate_event(update_type=update_type, event=event, **kwargs)
               ^^^^^^^^^^^^^^^^^^^^^^^^^^^^^^^^^^^^^^^^^^^^^^^^^^^^^^^^^^^^^^^^^^^^^^^^^^^^
  File "C:\Users\kules\anaconda3\envs\TELEGRAM\Lib\site-packages\aiogram\dispatcher\router.py", line 146, in propagate_event
    return await observer.wrap_outer_middleware(_wrapped, event=event, data=kwargs)
           ^^^^^^^^^^^^^^^^^^^^^^^^^^^^^^^^^^^^^^^^^^^^^^^^^^^^^^^^^^^^^^^^^^^^^^^^
  File "C:\Users\kules\anaconda3\envs\TELEGRAM\Lib\site-packages\aiogram\dispatcher\router.py", line 141, in _wrapped
    return await self._propagate_event(
           ^^^^^^^^^^^^^^^^^^^^^^^^^^^^
  File "C:\Users\kules\anaconda3\envs\TELEGRAM\Lib\site-packages\aiogram\dispatcher\router.py", line 166, in _propagate_event
    response = await observer.trigger(event, **kwargs)
               ^^^^^^^^^^^^^^^^^^^^^^^^^^^^^^^^^^^^^^^
  File "C:\Users\kules\anaconda3\envs\TELEGRAM\Lib\site-packages\aiogram\dispatcher\event\telegram.py", line 121, in trigger
    return await wrapped_inner(event, kwargs)
           ^^^^^^^^^^^^^^^^^^^^^^^^^^^^^^^^^^
  File "C:\Users\kules\anaconda3\envs\TELEGRAM\Lib\site-packages\aiogram\dispatcher\event\handler.py", line 43, in call
    return await wrapped()
           ^^^^^^^^^^^^^^^
  File "C:\Users\kules\Downloads\home_works_bot\src\handlers.py", line 31, in echo_message
    if not conf.manager.set_homework(st.subject, st.day, message.text):
           ^^^^^^^^^^^^^^^^^^^^^^^^^^^^^^^^^^^^^^^^^^^^^^^^^^^^^^^^^^^
  File "C:\Users\kules\Downloads\home_works_bot\src\table_data.py", line 80, in set_homework
    self._save()
  File "C:\Users\kules\Downloads\home_works_bot\src\table_data.py", line 177, in _save
    save_to_file(self.table)
  File "C:\Users\kules\Downloads\home_works_bot\src\file_data.py", line 81, in save_to_file
    markdown_table = df_to_save.to_markdown(index=False)
                     ^^^^^^^^^^^^^^^^^^^^^^^^^^^^^^^^^^^
  File "C:\Users\kules\anaconda3\envs\TELEGRAM\Lib\site-packages\pandas\util\_decorators.py", line 333, in wrapper
    return func(*args, **kwargs)
           ^^^^^^^^^^^^^^^^^^^^^
  File "C:\Users\kules\anaconda3\envs\TELEGRAM\Lib\site-packages\pandas\core\frame.py", line 2988, in to_markdown
    tabulate = import_optional_dependency("tabulate")
               ^^^^^^^^^^^^^^^^^^^^^^^^^^^^^^^^^^^^^^
  File "C:\Users\kules\anaconda3\envs\TELEGRAM\Lib\site-packages\pandas\compat\_optional.py", line 138, in import_optional_dependency
    raise ImportError(msg)
ImportError: Missing optional dependency 'tabulate'.  Use pip or conda to install tabulate.
09-09-25 22:17:02 | [INFO] aiogram.event | Update id=311887079 is not handled. Duration 0 ms by bot id=7610043618
09-09-25 22:17:02 | [ERROR] aiogram.event | Cause exception while process update id=311887079 by bot id=7610043618
ImportError: Missing optional dependency 'tabulate'.  Use pip or conda to install tabulate.
Traceback (most recent call last):
  File "C:\Users\kules\anaconda3\envs\TELEGRAM\Lib\site-packages\pandas\compat\_optional.py", line 135, in import_optional_dependency
    module = importlib.import_module(name)
             ^^^^^^^^^^^^^^^^^^^^^^^^^^^^^
  File "C:\Users\kules\anaconda3\envs\TELEGRAM\Lib\importlib\__init__.py", line 90, in import_module
    return _bootstrap._gcd_import(name[level:], package, level)
           ^^^^^^^^^^^^^^^^^^^^^^^^^^^^^^^^^^^^^^^^^^^^^^^^^^^^
  File "<frozen importlib._bootstrap>", line 1381, in _gcd_import
  File "<frozen importlib._bootstrap>", line 1354, in _find_and_load
  File "<frozen importlib._bootstrap>", line 1318, in _find_and_load_unlocked
ModuleNotFoundError: No module named 'tabulate'

During handling of the above exception, another exception occurred:

Traceback (most recent call last):
  File "C:\Users\kules\anaconda3\envs\TELEGRAM\Lib\site-packages\aiogram\dispatcher\dispatcher.py", line 309, in _process_update
    response = await self.feed_update(bot, update, **kwargs)
               ^^^^^^^^^^^^^^^^^^^^^^^^^^^^^^^^^^^^^^^^^^^^^
  File "C:\Users\kules\anaconda3\envs\TELEGRAM\Lib\site-packages\aiogram\dispatcher\dispatcher.py", line 158, in feed_update
    response = await self.update.wrap_outer_middleware(
               ^^^^^^^^^^^^^^^^^^^^^^^^^^^^^^^^^^^^^^^^
  File "C:\Users\kules\anaconda3\envs\TELEGRAM\Lib\site-packages\aiogram\dispatcher\middlewares\error.py", line 25, in __call__
    return await handler(event, data)
           ^^^^^^^^^^^^^^^^^^^^^^^^^^
  File "C:\Users\kules\anaconda3\envs\TELEGRAM\Lib\site-packages\aiogram\dispatcher\middlewares\user_context.py", line 56, in __call__
    return await handler(event, data)
           ^^^^^^^^^^^^^^^^^^^^^^^^^^
  File "C:\Users\kules\anaconda3\envs\TELEGRAM\Lib\site-packages\aiogram\fsm\middleware.py", line 42, in __call__
    return await handler(event, data)
           ^^^^^^^^^^^^^^^^^^^^^^^^^^
  File "C:\Users\kules\anaconda3\envs\TELEGRAM\Lib\site-packages\aiogram\dispatcher\event\telegram.py", line 121, in trigger
    return await wrapped_inner(event, kwargs)
           ^^^^^^^^^^^^^^^^^^^^^^^^^^^^^^^^^^
  File "C:\Users\kules\anaconda3\envs\TELEGRAM\Lib\site-packages\aiogram\dispatcher\event\handler.py", line 43, in call
    return await wrapped()
           ^^^^^^^^^^^^^^^
  File "C:\Users\kules\anaconda3\envs\TELEGRAM\Lib\site-packages\aiogram\dispatcher\dispatcher.py", line 276, in _listen_update
    return await self.propagate_event(update_type=update_type, event=event, **kwargs)
           ^^^^^^^^^^^^^^^^^^^^^^^^^^^^^^^^^^^^^^^^^^^^^^^^^^^^^^^^^^^^^^^^^^^^^^^^^^
  File "C:\Users\kules\anaconda3\envs\TELEGRAM\Lib\site-packages\aiogram\dispatcher\router.py", line 146, in propagate_event
    return await observer.wrap_outer_middleware(_wrapped, event=event, data=kwargs)
           ^^^^^^^^^^^^^^^^^^^^^^^^^^^^^^^^^^^^^^^^^^^^^^^^^^^^^^^^^^^^^^^^^^^^^^^^
  File "C:\Users\kules\anaconda3\envs\TELEGRAM\Lib\site-packages\aiogram\dispatcher\router.py", line 141, in _wrapped
    return await self._propagate_event(
           ^^^^^^^^^^^^^^^^^^^^^^^^^^^^
  File "C:\Users\kules\anaconda3\envs\TELEGRAM\Lib\site-packages\aiogram\dispatcher\router.py", line 174, in _propagate_event
    response = await router.propagate_event(update_type=update_type, event=event, **kwargs)
               ^^^^^^^^^^^^^^^^^^^^^^^^^^^^^^^^^^^^^^^^^^^^^^^^^^^^^^^^^^^^^^^^^^^^^^^^^^^^
  File "C:\Users\kules\anaconda3\envs\TELEGRAM\Lib\site-packages\aiogram\dispatcher\router.py", line 146, in propagate_event
    return await observer.wrap_outer_middleware(_wrapped, event=event, data=kwargs)
           ^^^^^^^^^^^^^^^^^^^^^^^^^^^^^^^^^^^^^^^^^^^^^^^^^^^^^^^^^^^^^^^^^^^^^^^^
  File "C:\Users\kules\anaconda3\envs\TELEGRAM\Lib\site-packages\aiogram\dispatcher\router.py", line 141, in _wrapped
    return await self._propagate_event(
           ^^^^^^^^^^^^^^^^^^^^^^^^^^^^
  File "C:\Users\kules\anaconda3\envs\TELEGRAM\Lib\site-packages\aiogram\dispatcher\router.py", line 166, in _propagate_event
    response = await observer.trigger(event, **kwargs)
               ^^^^^^^^^^^^^^^^^^^^^^^^^^^^^^^^^^^^^^^
  File "C:\Users\kules\anaconda3\envs\TELEGRAM\Lib\site-packages\aiogram\dispatcher\event\telegram.py", line 121, in trigger
    return await wrapped_inner(event, kwargs)
           ^^^^^^^^^^^^^^^^^^^^^^^^^^^^^^^^^^
  File "C:\Users\kules\anaconda3\envs\TELEGRAM\Lib\site-packages\aiogram\dispatcher\event\handler.py", line 43, in call
    return await wrapped()
           ^^^^^^^^^^^^^^^
  File "C:\Users\kules\Downloads\home_works_bot\src\handlers.py", line 31, in echo_message
    if not conf.manager.set_homework(st.subject, st.day, message.text):
           ^^^^^^^^^^^^^^^^^^^^^^^^^^^^^^^^^^^^^^^^^^^^^^^^^^^^^^^^^^^
  File "C:\Users\kules\Downloads\home_works_bot\src\table_data.py", line 80, in set_homework
    self._save()
  File "C:\Users\kules\Downloads\home_works_bot\src\table_data.py", line 177, in _save
    save_to_file(self.table)
  File "C:\Users\kules\Downloads\home_works_bot\src\file_data.py", line 81, in save_to_file
    markdown_table = df_to_save.to_markdown(index=False)
                     ^^^^^^^^^^^^^^^^^^^^^^^^^^^^^^^^^^^
  File "C:\Users\kules\anaconda3\envs\TELEGRAM\Lib\site-packages\pandas\util\_decorators.py", line 333, in wrapper
    return func(*args, **kwargs)
           ^^^^^^^^^^^^^^^^^^^^^
  File "C:\Users\kules\anaconda3\envs\TELEGRAM\Lib\site-packages\pandas\core\frame.py", line 2988, in to_markdown
    tabulate = import_optional_dependency("tabulate")
               ^^^^^^^^^^^^^^^^^^^^^^^^^^^^^^^^^^^^^^
  File "C:\Users\kules\anaconda3\envs\TELEGRAM\Lib\site-packages\pandas\compat\_optional.py", line 138, in import_optional_dependency
    raise ImportError(msg)
ImportError: Missing optional dependency 'tabulate'.  Use pip or conda to install tabulate.
09-09-25 22:17:17 | [INFO] aiogram.dispatcher | Polling stopped
09-09-25 22:17:17 | [ERROR] aiogram.dispatcher | Failed to fetch updates - TelegramNetworkError: HTTP Client says - ServerDisconnectedError: Server disconnected
09-09-25 22:17:17 | [WARNING] aiogram.dispatcher | Sleep for 1.000000 seconds and try again... (tryings = 0, bot id = 7610043618)
09-09-25 22:17:18 | [INFO] aiogram.dispatcher | Polling stopped for bot @ProteinHelpBot id=7610043618 - 'SystemHelp'
09-09-25 22:17:18 | [INFO] __main__ | Bot interrupted and stopped.
09-09-25 22:18:25 | [INFO] aiogram.dispatcher | Start polling
09-09-25 22:18:26 | [INFO] aiogram.dispatcher | Run polling for bot @ProteinHelpBot id=7610043618 - 'SystemHelp'
09-09-25 22:18:29 | [INFO] aiogram.event | Update id=311887080 is handled. Duration 858 ms by bot id=7610043618
09-09-25 22:18:30 | [INFO] aiogram.event | Update id=311887081 is handled. Duration 280 ms by bot id=7610043618
09-09-25 22:18:32 | [INFO] aiogram.event | Update id=311887082 is handled. Duration 250 ms by bot id=7610043618
09-09-25 22:18:34 | [INFO] aiogram.event | Update id=311887083 is handled. Duration 234 ms by bot id=7610043618
09-09-25 22:18:37 | [INFO] src.table_data | Пользователь добавил домашнюю работу, Математика Понедельник
09-09-25 22:18:38 | [INFO] aiogram.event | Update id=311887084 is handled. Duration 1203 ms by bot id=7610043618
09-09-25 22:18:43 | [INFO] aiogram.event | Update id=311887085 is handled. Duration 250 ms by bot id=7610043618
09-09-25 22:18:44 | [INFO] aiogram.event | Update id=311887086 is handled. Duration 266 ms by bot id=7610043618
09-09-25 22:18:47 | [INFO] aiogram.event | Update id=311887087 is handled. Duration 1110 ms by bot id=7610043618
09-09-25 22:18:49 | [INFO] aiogram.event | Update id=311887088 is handled. Duration 342 ms by bot id=7610043618
09-09-25 22:18:52 | [INFO] aiogram.event | Update id=311887089 is handled. Duration 469 ms by bot id=7610043618
09-09-25 22:18:54 | [INFO] aiogram.event | Update id=311887090 is handled. Duration 1030 ms by bot id=7610043618
09-09-25 22:22:02 | [INFO] aiogram.event | Update id=311887091 is handled. Duration 608 ms by bot id=7610043618
