08-09-25 08:03:58 | [INFO] aiogram.dispatcher | Start polling
08-09-25 08:03:59 | [INFO] aiogram.dispatcher | Run polling for bot @crocpatbot id=6976486638 - 'Homework save'
08-09-25 10:31:13 | [INFO] aiogram.event | Update id=732061035 is handled. Duration 1363 ms by bot id=6976486638
08-09-25 10:31:17 | [INFO] aiogram.event | Update id=732061036 is handled. Duration 229 ms by bot id=6976486638
08-09-25 10:31:23 | [INFO] aiogram.event | Update id=732061037 is handled. Duration 219 ms by bot id=6976486638
08-09-25 10:31:27 | [INFO] aiogram.event | Update id=732061038 is handled. Duration 219 ms by bot id=6976486638
08-09-25 10:31:49 | [INFO] src.table_data | Пользователь добавил домашнюю работу, Литература Вторник
08-09-25 10:31:50 | [INFO] aiogram.event | Update id=732061039 is handled. Duration 961 ms by bot id=6976486638
08-09-25 13:28:49 | [INFO] aiogram.dispatcher | Start polling
08-09-25 13:28:50 | [INFO] aiogram.dispatcher | Run polling for bot @crocpatbot id=6976486638 - 'Homework save'
08-09-25 14:22:50 | [INFO] aiogram.event | Update id=732061040 is handled. Duration 415 ms by bot id=6976486638
08-09-25 14:22:52 | [INFO] aiogram.event | Update id=732061041 is handled. Duration 212 ms by bot id=6976486638
08-09-25 14:22:54 | [INFO] aiogram.event | Update id=732061042 is handled. Duration 214 ms by bot id=6976486638
08-09-25 14:23:22 | [INFO] src.table_data | Пользователь добавил домашнюю работу, Математика Вторник
08-09-25 14:23:23 | [INFO] aiogram.event | Update id=732061043 is handled. Duration 1242 ms by bot id=6976486638
08-09-25 22:51:02 | [INFO] aiogram.event | Update id=732061044 is handled. Duration 580 ms by bot id=6976486638
08-09-25 22:51:13 | [INFO] aiogram.event | Update id=732061045 is handled. Duration 282 ms by bot id=6976486638
08-09-25 22:51:17 | [INFO] aiogram.event | Update id=732061046 is handled. Duration 231 ms by bot id=6976486638
08-09-25 22:51:42 | [INFO] src.table_data | Пользователь добавил домашнюю работу, Физика Вторник
08-09-25 22:51:43 | [INFO] aiogram.event | Update id=732061047 is handled. Duration 1397 ms by bot id=6976486638
