03-09-25 07:28:18 | [INFO] aiogram.dispatcher | Start polling
03-09-25 07:28:19 | [INFO] aiogram.dispatcher | Run polling for bot @crocpatbot id=6976486638 - 'Homework save'
03-09-25 13:29:35 | [INFO] aiogram.dispatcher | Start polling
03-09-25 13:29:36 | [INFO] aiogram.dispatcher | Run polling for bot @crocpatbot id=6976486638 - 'Homework save'
03-09-25 13:29:37 | [INFO] aiogram.event | Update id=732061019 is handled. Duration 796 ms by bot id=6976486638
03-09-25 13:29:37 | [INFO] aiogram.event | Update id=732061018 is handled. Duration 1073 ms by bot id=6976486638
03-09-25 13:29:37 | [INFO] aiogram.event | Update id=732061017 is handled. Duration 1627 ms by bot id=6976486638
03-09-25 13:30:34 | [INFO] aiogram.event | Update id=732061020 is handled. Duration 330 ms by bot id=6976486638
03-09-25 13:30:36 | [INFO] aiogram.event | Update id=732061021 is handled. Duration 208 ms by bot id=6976486638
03-09-25 13:30:38 | [INFO] aiogram.event | Update id=732061022 is handled. Duration 207 ms by bot id=6976486638
03-09-25 13:30:47 | [INFO] src.table_data | Пользователь добавил домашнюю работу, Русский Четверг
03-09-25 13:30:47 | [INFO] aiogram.event | Update id=732061023 is handled. Duration 791 ms by bot id=6976486638
03-09-25 13:33:11 | [INFO] aiogram.event | Update id=732061024 is handled. Duration 282 ms by bot id=6976486638
03-09-25 13:33:22 | [INFO] aiogram.event | Update id=732061025 is handled. Duration 649 ms by bot id=6976486638
03-09-25 13:33:25 | [INFO] aiogram.event | Update id=732061026 is handled. Duration 577 ms by bot id=6976486638
03-09-25 08:18:46 | [INFO] aiogram.dispatcher | Start polling
03-09-25 08:18:47 | [INFO] aiogram.dispatcher | Run polling for bot @crocpatbot id=6976486638 - 'Homework save'
03-09-25 15:31:06 | [INFO] aiogram.dispatcher | Start polling
03-09-25 15:31:07 | [INFO] aiogram.dispatcher | Run polling for bot @crocpatbot id=6976486638 - 'Homework save'
03-09-25 23:50:38 | [INFO] aiogram.dispatcher | Start polling
03-09-25 16:50:38 | [INFO] aiogram.dispatcher | Run polling for bot @crocpatbot id=6976486638 - 'Homework save'
03-09-25 17:19:43 | [INFO] aiogram.dispatcher | Start polling
03-09-25 17:19:43 | [INFO] aiogram.dispatcher | Run polling for bot @crocpatbot id=6976486638 - 'Homework save'
03-09-25 17:19:43 | [ERROR] aiogram.dispatcher | Failed to fetch updates - TelegramConflictError: Telegram server says - Conflict: terminated by other getUpdates request; make sure that only one bot instance is running
03-09-25 17:19:43 | [WARNING] aiogram.dispatcher | Sleep for 1.000000 seconds and try again... (tryings = 0, bot id = 6976486638)
03-09-25 17:19:47 | [ERROR] aiogram.dispatcher | Failed to fetch updates - TelegramConflictError: Telegram server says - Conflict: terminated by other getUpdates request; make sure that only one bot instance is running
03-09-25 17:19:47 | [WARNING] aiogram.dispatcher | Sleep for 1.000000 seconds and try again... (tryings = 0, bot id = 6976486638)
03-09-25 17:19:54 | [INFO] aiogram.dispatcher | Connection established (tryings = 1, bot id = 6976486638)
03-09-25 17:19:55 | [WARNING] aiogram.dispatcher | Received SIGTERM signal
03-09-25 17:19:55 | [INFO] aiogram.dispatcher | Polling stopped for bot @crocpatbot id=6976486638 - 'Homework save'
03-09-25 17:19:55 | [INFO] aiogram.dispatcher | Polling stopped
03-09-25 17:29:41 | [INFO] aiogram.dispatcher | Start polling
03-09-25 17:29:41 | [INFO] aiogram.dispatcher | Run polling for bot @crocpatbot id=6976486638 - 'Homework save'
03-09-25 17:29:58 | [INFO] aiogram.event | Update id=732061027 is handled. Duration 469 ms by bot id=6976486638
03-09-25 17:30:11 | [INFO] aiogram.event | Update id=732061028 is handled. Duration 213 ms by bot id=6976486638
03-09-25 17:30:12 | [INFO] aiogram.event | Update id=732061029 is handled. Duration 234 ms by bot id=6976486638
03-09-25 17:30:15 | [INFO] src.table_data | Пользователь добавил домашнюю работу, Химия Суббота
03-09-25 17:30:16 | [INFO] aiogram.event | Update id=732061030 is handled. Duration 1262 ms by bot id=6976486638
03-09-25 17:34:30 | [WARNING] aiogram.dispatcher | Received SIGTERM signal
03-09-25 17:34:30 | [INFO] aiogram.dispatcher | Polling stopped for bot @crocpatbot id=6976486638 - 'Homework save'
03-09-25 17:34:30 | [INFO] aiogram.dispatcher | Polling stopped
03-09-25 17:34:33 | [INFO] aiogram.dispatcher | Start polling
03-09-25 17:34:33 | [INFO] aiogram.dispatcher | Run polling for bot @crocpatbot id=6976486638 - 'Homework save'
03-09-25 17:34:39 | [INFO] aiogram.event | Update id=732061031 is handled. Duration 460 ms by bot id=6976486638
03-09-25 17:34:42 | [INFO] aiogram.event | Update id=732061032 is handled. Duration 242 ms by bot id=6976486638
03-09-25 17:34:52 | [INFO] aiogram.event | Update id=732061033 is handled. Duration 237 ms by bot id=6976486638
03-09-25 17:34:58 | [INFO] src.table_data | Пользователь добавил домашнюю работу, Английский язык Четверг
03-09-25 17:34:59 | [INFO] aiogram.event | Update id=732061034 is handled. Duration 1143 ms by bot id=6976486638
